// Jest Snapshot v1, https://goo.gl/fbAQLP

exports[`HL7v2 Parser should return a JSON object 1`] = `
{
  "AIG": {
    "1": "AIG",
    "2": "1",
    "3": "",
    "4": {
      "1": "PULLEN",
      "2": "Pullen, Jeri",
    },
    "5": {
      "1": "P",
      "2": "",
      "3": "CSI",
    },
  },
  "AIL": {
    "1": "AIL",
    "2": "1",
    "3": "",
    "4": {
      "1": "MainOffi",
      "2": "",
      "3": "",
      "4": "MainOffi",
      "5": "",
      "6": "",
      "7": "",
      "8": "",
      "9": "Healthmatics Clinic",
    },
    "5": {
      "1": "",
      "2": "Healthmatics Clinic",
      "3": "CSI",
    },
  },
  "AIP": {
    "1": "AIP",
    "10": "15",
    "11": {
      "1": "m",
      "2": "Minutes",
    },
    "2": "1",
    "3": "",
    "4": {
      "1": "JPULLEN1",
      "2": "Pullen",
      "3": "Jeri",
      "4": "",
      "5": "",
      "6": "",
      "7": "",
      "8": "",
      "9": "&F12456&UPIN",
    },
    "5": {
      "1": "D",
      "2": "Pullen, Jeri",
    },
    "6": "",
    "7": "20190423140000",
    "8": "",
    "9": "",
  },
  "MSH": {
    "1": "MSH",
    "10": "8907-45",
    "11": "P",
    "12": "2.3",
    "13": "",
    "14": "",
    "15": "NE",
    "16": "NE",
    "2": {
      "1": {
        "1": "",
        "2": "",
      },
      "2": "\\&",
    },
    "3": "Ntierprise",
    "4": "Ntierprise Clinic",
    "5": "Healthmatics EHR",
    "6": "Healthmatics Clinic",
    "7": "20190423114154",
    "8": "",
    "9": {
      "1": "SIU",
      "2": "S12",
    },
  },
  "PID": {
    "1": "PID",
    "10": "",
    "11": "",
    "12": {
      "1": "007 Soho Lane",
      "2": "",
      "3": "Cary",
      "4": "NC",
      "5": "27511",
    },
    "13": "",
    "14": {
      "1": {
        "1": "(919)007-0007",
        "2": "",
        "3": "",
        "4": "",
        "5": "",
        "6": "919",
        "7": "0070007",
      },
      "2": {
        "1": "(777)707-0707",
        "2": "",
        "3": "CP",
        "4": "",
        "5": "",
        "6": "777",
        "7": "7070707",
      },
      "3": {
        "1": "",
        "2": "NET",
        "3": "X.400",
        "4": "007@BritishSecretService.com",
      },
    },
    "15": {
      "1": "(919)851-6177 X007",
      "2": "",
      "3": "",
      "4": "",
      "5": "",
      "6": "919",
      "7": "8516177",
      "8": "007",
    },
    "16": "",
    "17": "M",
    "18": "",
    "19": "150",
    "2": "1",
    "20": "007-00-0007",
    "21": "",
    "22": "",
    "23": "",
    "24": "",
    "25": "",
    "26": "",
    "27": "",
    "28": "",
    "29": "",
    "3": "",
    "30": "",
    "31": "N",
    "4": "150",
    "5": "",
    "6": {
      "1": "Bond",
      "2": "James",
      "3": "",
      "4": "007",
    },
    "7": "",
    "8": "19770920",
    "9": "M",
  },
  "PV1": {
    "1": "PV1",
    "10": {
      "1": "WEEDER",
      "2": "Weeder, M.D.",
      "3": "Dana",
      "4": "N",
      "5": "",
      "6": "",
      "7": "",
      "8": "",
      "9": "&W22630&UPIN",
    },
    "11": "",
    "12": "",
    "13": "",
    "14": "",
    "15": "",
    "16": "",
    "17": "N",
    "18": "",
    "19": "",
    "2": "1",
    "20": "",
    "21": "M",
    "3": "R",
    "4": "",
    "5": "",
    "6": "",
    "7": "",
    "8": {
      "1": "MRYAN",
      "2": "Ryan",
      "3": "Mark",
      "4": "S",
      "5": "phd",
      "6": "",
      "7": "",
      "8": "",
      "9": "&MR1127&UPIN",
    },
    "9": "",
  },
  "RGS": {
    "1": "RGS",
    "2": "1",
    "3": "A",
  },
  "SCH": {
    "1": "SCH",
    "10": "15",
    "11": "m",
    "12": {
      "1": "",
      "2": "",
      "3": "15",
      "4": "20190423140000",
      "5": "20190423141500",
    },
    "13": "",
    "14": "",
    "15": "",
    "16": "",
    "17": {
      "1": "mdrxmbyr",
      "2": "Byrne",
      "3": "Misty",
    },
    "18": "",
    "19": "",
    "2": "1209",
    "20": "",
    "21": {
      "1": "mdrxmbyr",
      "2": "Byrne",
      "3": "Misty",
    },
    "22": "",
    "23": "",
    "24": "",
    "25": "",
    "26": {
      "1": "Scheduled",
      "2": "",
      "3": "CSI",
    },
    "3": "13030",
    "4": "",
    "5": "",
    "6": "1209",
    "7": {
      "1": "OV15",
      "2": "OFFICE VISIT-15",
      "3": "CSI",
      "4": "N",
    },
    "8": {
      "1": "OFFICE VISIT-15",
      "2": "OFFICE VISIT-15 -",
    },
    "9": "OV15",
  },
}
`;
