// Vitest Snapshot v1, https://vitest.dev/guide/snapshot.html

exports[`parseHL7v2 (holistic) > handles decoding escapes 1`] = `
"[
  {
    "segment": "PID",
    "fields": [
      "1",
      "Value|More^Stuff~Again&Sub\\\\Escaped"
    ]
  }
]"
`;

exports[`parseHL7v2 (holistic) > handles trailing delimiters and preserves empty structures appropriately 1`] = `
"[
  {
    "segment": "PID",
    "fields": [
      [
        "A",
        [
          "B",
          ""
        ]
      ],
      [
        "C",
        []
      ]
    ]
  }
]"
`;

exports[`parseHL7v2 (holistic) > parses MSH + PID and decodes escapes, then stringifies to JSON 1`] = `
"[
  {
    "segment": "MSH",
    "fields": [
      "|",
      "^~\\\\&",
      "SENDER",
      "FAC",
      "RCVR",
      "FAC",
      "20250101010101",
      [
        []
      ],
      [
        "ADT",
        "A01"
      ],
      "MSG00001",
      "P",
      "2.5"
    ]
  },
  {
    "segment": "PID",
    "fields": [
      "1",
      [
        []
      ],
      [
        "12345",
        [],
        [],
        "HOSP",
        "MR"
      ],
      [
        []
      ],
      [
        "DOE^JOHN",
        [
          "A",
          "J"
        ]
      ],
      "19700101",
      "M"
    ]
  }
]"
`;
