// Vitest Snapshot v1, https://vitest.dev/guide/snapshot.html

exports[`parseHL7v2 (holistic) > handles decoding escapes 1`] = `"PID|1|Value\\F\\More\\S\\Stuff\\R\\Again\\T\\Sub\\E\\Escaped|"`;

exports[`parseHL7v2 (holistic) > handles trailing delimiters and preserves empty structures appropriately 1`] = `"PID|A^B&|C~|"`;

exports[`parseHL7v2 (holistic) > parses MSH + PID and decodes escapes, then stringifies to JSON 1`] = `
"MSH|^~\\&|SENDER|FAC|RCVR|FAC|20250101010101||ADT^A01|MSG00001|P|2.5
PID|1||12345^^^HOSP^MR||DOE\\S\\JOHN^A&J|19700101|M"
`;

exports[`parseHL7v2 (holistic) > parses multiple segments with MSH as the first segment 1`] = `
"MSH|^~\\&|SENDER|FAC|RCVR|FAC|20250101010101||ADT^A01|MSG00001|P|2.5
PID|||PATID1234^5^M11^ADT1^MR^UNIVERSITY HOSPITAL~123_456_789^^^USSSA^SS||EVERYMAN^ADAM^A^III||19_610_615|M||C|1200 N ELM STREET^^GREENSBORO^NC^27_401-1020|GL|(919)379-1212|(919)271-3434||S||PATID12345001^2^M10^ADT1^AN^A|123_456_789|9-87_654^NC
OBR|1|845439^GHH OE|1045813^GHH LAB|1554-5^GLUCOSE^LN|||200202150730|||||||||DOCT^KILDARE^JAMES^A|||||||200202150930||F|||^^^^^R"
`;

exports[`parseHL7v2 (holistic) > parses multiple segments without MSH as the first segment 1`] = `
"PID|||PATID1234^5^M11^ADT1^MR^UNIVERSITY HOSPITAL~123_456_789^^^USSSA^SS||EVERYMAN^ADAM^A^III||19_610_615|M||C|1200 N ELM STREET^^GREENSBORO^NC^27_401-1020|GL|(919)379-1212|(919)271-3434||S||PATID12345001^2^M10^ADT1^AN^A|123_456_789|9-87_654^NC
OBR|1|845439^GHH OE|1045813^GHH LAB|1554-5^GLUCOSE^LN|||200202150730|||||||||DOCT^KILDARE^JAMES^A|||||||200202150930||F|||^^^^^R"
`;

exports[`parseHL7v2 (holistic) > parses multiple segments without MSH as the first segment 2`] = `
[
  {
    "fields": [
      "",
      "",
      [
        [
          "PATID1234",
          "5",
          "M11",
          "ADT1",
          "MR",
          "UNIVERSITY HOSPITAL",
        ],
        [
          "123_456_789",
          "",
          "",
          "USSSA",
          "SS",
        ],
      ],
      "",
      [
        "EVERYMAN",
        "ADAM",
        "A",
        "III",
      ],
      "",
      "19_610_615",
      "M",
      "",
      "C",
      [
        "1200 N ELM STREET",
        "",
        "GREENSBORO",
        "NC",
        "27_401-1020",
      ],
      "GL",
      "(919)379-1212",
      "(919)271-3434",
      "",
      "S",
      "",
      [
        "PATID12345001",
        "2",
        "M10",
        "ADT1",
        "AN",
        "A",
      ],
      "123_456_789",
      [
        "9-87_654",
        "NC",
      ],
    ],
    "segment": "PID",
  },
  {
    "fields": [
      "1",
      [
        "845439",
        "GHH OE",
      ],
      [
        "1045813",
        "GHH LAB",
      ],
      [
        "1554-5",
        "GLUCOSE",
        "LN",
      ],
      "",
      "",
      "200202150730",
      "",
      "",
      "",
      "",
      "",
      "",
      "",
      "",
      [
        "DOCT",
        "KILDARE",
        "JAMES",
        "A",
      ],
      "",
      "",
      "",
      "",
      "",
      "",
      "200202150930",
      "",
      "F",
      "",
      "",
      [
        "",
        "",
        "",
        "",
        "",
        "R",
      ],
    ],
    "segment": "OBR",
  },
]
`;
